{
	"name": "node_simple",
	"version": "1.0.0",
	"main": "index.js",
	"type": "module",
	"dependencies": {
		"@omnidl/server-sdk": "*",
	}
}
